0 verbose cli D:\jangan sampe HILANG\nodejs\node.exe D:\jangan sampe HILANG\nodejs\node_modules\npm\bin\npm-cli.js
1 info using npm@11.6.2
2 info using node@v25.1.0
3 silly config load:file:D:\jangan sampe HILANG\nodejs\node_modules\npm\npmrc
4 silly config load:file:D:\MyProject\Portfolio\.npmrc
5 silly config load:file:C:\Users\Lenovo\.npmrc
6 silly config load:file:C:\Users\Lenovo\AppData\Roaming\npm\etc\npmrc
7 verbose title npm install gsap @gsap/react
8 verbose argv "install" "gsap" "@gsap/react" "--cache" "D:\\MyProject\\Portfolio\\.npm-cache"
9 verbose logfile logs-max:10 dir:D:\MyProject\Portfolio\.npm-cache\_logs\2026-09-23T03_01_46_040Z-
10 verbose logfile D:\MyProject\Portfolio\.npm-cache\_logs\2026-09-23T03_01_46_040Z-debug-0.log
11 silly logfile done cleaning log files
12 silly packumentCache heap:4496293888 maxSize:1124073472 maxEntrySize:562036736
13 silly idealTree buildDeps
14 silly fetch manifest gsap@*
15 silly packumentCache full:https://registry.npmjs.org/gsap cache-miss
16 http fetch GET 200 https://registry.npmjs.org/gsap 295ms (cache miss)
17 silly packumentCache full:https://registry.npmjs.org/gsap set size:undefined disposed:false
18 silly fetch manifest @gsap/react@*
19 silly packumentCache full:https://registry.npmjs.org/@gsap%2freact cache-miss
20 http fetch GET 200 https://registry.npmjs.org/npm 583ms
21 http fetch GET 200 https://registry.npmjs.org/@gsap%2freact 132ms (cache miss)
22 silly packumentCache full:https://registry.npmjs.org/@gsap%2freact set size:undefined disposed:false
23 silly fetch manifest react@^19.0.0
24 silly packumentCache full:https://registry.npmjs.org/react cache-miss
25 http fetch GET 200 https://registry.npmjs.org/react 349ms (cache miss)
26 silly packumentCache full:https://registry.npmjs.org/react set size:undefined disposed:false
27 silly placeDep ROOT @gsap/react@2.1.2 OK for: developer-portfolio@0.0.1 want: *
28 silly placeDep ROOT gsap@3.15.0 OK for: @gsap/react@2.1.2 want: ^3.12.5
29 silly placeDep ROOT gsap@3.15.0 REPLACE for: developer-portfolio@0.0.1 want: *
30 silly reify moves {}
31 silly audit bulk request {
31 silly audit   '@astrojs/astro2tsx': [ '0.1.0' ],
31 silly audit   '@astrojs/check': [ '0.9.10' ],
31 silly audit   chokidar: [ '4.0.3', '5.0.0' ],
31 silly audit   kleur: [ '4.1.5', '3.0.3' ],
31 silly audit   readdirp: [ '4.1.2', '5.1.1' ],
31 silly audit   '@astrojs/compiler': [ '2.13.1' ],
31 silly audit   '@astrojs/internal-helpers': [ '0.7.6' ],
31 silly audit   '@astrojs/language-server': [ '2.17.0' ],
31 silly audit   '@astrojs/markdown-remark': [ '6.3.11' ],
31 silly audit   '@astrojs/node': [ '9.5.5' ],
31 silly audit   '@astrojs/prism': [ '3.3.0' ],
31 silly audit   '@astrojs/react': [ '4.4.2' ],
31 silly audit   '@astrojs/telemetry': [ '3.3.0' ],
31 silly audit   '@astrojs/yaml2ts': [ '0.2.4' ],
31 silly audit   '@babel/code-frame': [ '7.29.7' ],
31 silly audit   '@babel/compat-data': [ '7.29.7' ],
31 silly audit   '@babel/core': [ '7.29.7' ],
31 silly audit   '@babel/generator': [ '7.29.8' ],
31 silly audit   '@babel/helper-compilation-targets': [ '7.29.7' ],
31 silly audit   '@babel/helper-globals': [ '7.29.7' ],
31 silly audit   '@babel/helper-module-imports': [ '7.29.7' ],
31 silly audit   '@babel/helper-module-transforms': [ '7.29.7' ],
31 silly audit   '@babel/helper-plugin-utils': [ '7.29.7' ],
31 silly audit   '@babel/helper-string-parser': [ '7.29.7' ],
31 silly audit   '@babel/helper-validator-identifier': [ '7.29.7' ],
31 silly audit   '@babel/helper-validator-option': [ '7.29.7' ],
31 silly audit   '@babel/helpers': [ '7.29.7' ],
31 silly audit   '@babel/parser': [ '7.29.8' ],
31 silly audit   '@babel/plugin-transform-react-jsx-self': [ '7.29.7' ],
31 silly audit   '@babel/plugin-transform-react-jsx-source': [ '7.29.7' ],
31 silly audit   '@babel/template': [ '7.29.7' ],
31 silly audit   '@babel/traverse': [ '7.29.8' ],
31 silly audit   '@babel/types': [ '7.29.8' ],
31 silly audit   '@capsizecss/unpack': [ '4.0.1' ],
31 silly audit   '@emmetio/abbreviation': [ '2.3.3' ],
31 silly audit   '@emmetio/css-abbreviation': [ '2.1.8' ],
31 silly audit   '@emmetio/css-parser': [ '0.4.1' ],
31 silly audit   '@emmetio/html-matcher': [ '1.3.0' ],
31 silly audit   '@emmetio/scanner': [ '1.0.4' ],
31 silly audit   '@emmetio/stream-reader': [ '2.2.0' ],
31 silly audit   '@emmetio/stream-reader-utils': [ '0.1.0' ],
31 silly audit   '@emnapi/core': [ '1.11.3' ],
31 silly audit   '@emnapi/runtime': [ '1.11.3' ],
31 silly audit   '@emnapi/wasi-threads': [ '1.2.3' ],
31 silly audit   '@esbuild/aix-ppc64': [ '0.27.7', '0.25.12' ],
31 silly audit   '@esbuild/android-arm': [ '0.27.7', '0.25.12' ],
31 silly audit   '@esbuild/android-arm64': [ '0.27.7', '0.25.12' ],
31 silly audit   '@esbuild/android-x64': [ '0.27.7', '0.25.12' ],
31 silly audit   '@esbuild/darwin-arm64': [ '0.27.7', '0.25.12' ],
31 silly audit   '@esbuild/darwin-x64': [ '0.27.7', '0.25.12' ],
31 silly audit   '@esbuild/freebsd-arm64': [ '0.27.7', '0.25.12' ],
31 silly audit   '@esbuild/freebsd-x64': [ '0.27.7', '0.25.12' ],
31 silly audit   '@esbuild/linux-arm': [ '0.27.7', '0.25.12' ],
31 silly audit   '@esbuild/linux-arm64': [ '0.27.7', '0.25.12' ],
31 silly audit   '@esbuild/linux-ia32': [ '0.27.7', '0.25.12' ],
31 silly audit   '@esbuild/linux-loong64': [ '0.27.7', '0.25.12' ],
31 silly audit   '@esbuild/linux-mips64el': [ '0.27.7', '0.25.12' ],
31 silly audit   '@esbuild/linux-ppc64': [ '0.27.7', '0.25.12' ],
31 silly audit   '@esbuild/linux-riscv64': [ '0.27.7', '0.25.12' ],
31 silly audit   '@esbuild/linux-s390x': [ '0.27.7', '0.25.12' ],
31 silly audit   '@esbuild/linux-x64': [ '0.27.7', '0.25.12' ],
31 silly audit   '@esbuild/netbsd-arm64': [ '0.27.7', '0.25.12' ],
31 silly audit   '@esbuild/netbsd-x64': [ '0.27.7', '0.25.12' ],
31 silly audit   '@esbuild/openbsd-arm64': [ '0.27.7', '0.25.12' ],
31 silly audit   '@esbuild/openbsd-x64': [ '0.27.7', '0.25.12' ],
31 silly audit   '@esbuild/openharmony-arm64': [ '0.27.7', '0.25.12' ],
31 silly audit   '@esbuild/sunos-x64': [ '0.27.7', '0.25.12' ],
31 silly audit   '@esbuild/win32-arm64': [ '0.27.7', '0.25.12' ],
31 silly audit   '@esbuild/win32-ia32': [ '0.27.7', '0.25.12' ],
31 silly audit   '@esbuild/win32-x64': [ '0.27.7', '0.25.12' ],
31 silly audit   '@img/colour': [ '1.1.0' ],
31 silly audit   '@img/sharp-darwin-arm64': [ '0.34.5' ],
31 silly audit   '@img/sharp-darwin-x64': [ '0.34.5' ],
31 silly audit   '@img/sharp-libvips-darwin-arm64': [ '1.2.4' ],
31 silly audit   '@img/sharp-libvips-darwin-x64': [ '1.2.4' ],
31 silly audit   '@img/sharp-libvips-linux-arm': [ '1.2.4' ],
31 silly audit   '@img/sharp-libvips-linux-arm64': [ '1.2.4' ],
31 silly audit   '@img/sharp-libvips-linux-ppc64': [ '1.2.4' ],
31 silly audit   '@img/sharp-libvips-linux-riscv64': [ '1.2.4' ],
31 silly audit   '@img/sharp-libvips-linux-s390x': [ '1.2.4' ],
31 silly audit   '@img/sharp-libvips-linux-x64': [ '1.2.4' ],
31 silly audit   '@img/sharp-libvips-linuxmusl-arm64': [ '1.2.4' ],
31 silly audit   '@img/sharp-libvips-linuxmusl-x64': [ '1.2.4' ],
31 silly audit   '@img/sharp-linux-arm': [ '0.34.5' ],
31 silly audit   '@img/sharp-linux-arm64': [ '0.34.5' ],
31 silly audit   '@img/sharp-linux-ppc64': [ '0.34.5' ],
31 silly audit   '@img/sharp-linux-riscv64': [ '0.34.5' ],
31 silly audit   '@img/sharp-linux-s390x': [ '0.34.5' ],
31 silly audit   '@img/sharp-linux-x64': [ '0.34.5' ],
31 silly audit   '@img/sharp-linuxmusl-arm64': [ '0.34.5' ],
31 silly audit   '@img/sharp-linuxmusl-x64': [ '0.34.5' ],
31 silly audit   '@img/sharp-wasm32': [ '0.34.5' ],
31 silly audit   '@img/sharp-win32-arm64': [ '0.34.5' ],
31 silly audit   '@img/sharp-win32-ia32': [ '0.34.5' ],
31 silly audit   '@img/sharp-win32-x64': [ '0.34.5' ],
31 silly audit   '@jridgewell/gen-mapping': [ '0.3.13' ],
31 silly audit   '@jridgewell/remapping': [ '2.3.5' ],
31 silly audit   '@jridgewell/resolve-uri': [ '3.1.2' ],
31 silly audit   '@jridgewell/sourcemap-codec': [ '1.6.0' ],
31 silly audit   '@jridgewell/trace-mapping': [ '0.3.31' ],
31 silly audit   '@napi-rs/lzma-linux-x64-gnu': [ '1.5.1' ],
31 silly audit   '@napi-rs/wasm-runtime': [ '1.2.4' ],
31 silly audit   '@oslojs/encoding': [ '1.1.0' ],
31 silly audit   '@rolldown/pluginutils': [ '1.0.0-beta.27' ],
31 silly audit   '@rollup/pluginutils': [ '5.4.0' ],
31 silly audit   'estree-walker': [ '2.0.2', '3.0.3' ],
31 silly audit   '@rollup/rollup-android-arm-eabi': [ '4.63.3' ],
31 silly audit   '@rollup/rollup-android-arm64': [ '4.63.3' ],
31 silly audit   '@rollup/rollup-darwin-arm64': [ '4.63.3' ],
31 silly audit   '@rollup/rollup-darwin-x64': [ '4.63.3' ],
31 silly audit   '@rollup/rollup-freebsd-arm64': [ '4.63.3' ],
31 silly audit   '@rollup/rollup-freebsd-x64': [ '4.63.3' ],
31 silly audit   '@rollup/rollup-linux-arm-gnueabihf': [ '4.63.3' ],
31 silly audit   '@rollup/rollup-linux-arm-musleabihf': [ '4.63.3' ],
31 silly audit   '@rollup/rollup-linux-arm64-gnu': [ '4.63.3' ],
31 silly audit   '@rollup/rollup-linux-arm64-musl': [ '4.63.3' ],
31 silly audit   '@rollup/rollup-linux-loong64-gnu': [ '4.63.3' ],
31 silly audit   '@rollup/rollup-linux-loong64-musl': [ '4.63.3' ],
31 silly audit   '@rollup/rollup-linux-ppc64-gnu': [ '4.63.3' ],
31 silly audit   '@rollup/rollup-linux-ppc64-musl': [ '4.63.3' ],
31 silly audit   '@rollup/rollup-linux-riscv64-gnu': [ '4.63.3' ],
31 silly audit   '@rollup/rollup-linux-riscv64-musl': [ '4.63.3' ],
31 silly audit   '@rollup/rollup-linux-s390x-gnu': [ '4.63.3' ],
31 silly audit   '@rollup/rollup-linux-x64-gnu': [ '4.63.3' ],
31 silly audit   '@rollup/rollup-linux-x64-musl': [ '4.63.3' ],
31 silly audit   '@rollup/rollup-openbsd-x64': [ '4.63.3' ],
31 silly audit   '@rollup/rollup-openharmony-arm64': [ '4.63.3' ],
31 silly audit   '@rollup/rollup-win32-arm64-msvc': [ '4.63.3' ],
31 silly audit   '@rollup/rollup-win32-ia32-msvc': [ '4.63.3' ],
31 silly audit   '@rollup/rollup-win32-x64-gnu': [ '4.63.3' ],
31 silly audit   '@rollup/rollup-win32-x64-msvc': [ '4.63.3' ],
31 silly audit   '@shikijs/core': [ '3.23.0' ],
31 silly audit   '@shikijs/engine-javascript': [ '3.23.0' ],
31 silly audit   '@shikijs/engine-oniguruma': [ '3.23.0' ],
31 silly audit   '@shikijs/langs': [ '3.23.0' ],
31 silly audit   '@shikijs/themes': [ '3.23.0' ],
31 silly audit   '@shikijs/types': [ '3.23.0' ],
31 silly audit   '@shikijs/vscode-textmate': [ '10.0.2' ],
31 silly audit   '@tailwindcss/node': [ '4.3.3' ],
31 silly audit   '@tailwindcss/oxide': [ '4.3.3' ],
31 silly audit   '@tailwindcss/oxide-android-arm64': [ '4.3.3' ],
31 silly audit   '@tailwindcss/oxide-darwin-arm64': [ '4.3.3' ],
31 silly audit   '@tailwindcss/oxide-darwin-x64': [ '4.3.3' ],
31 silly audit   '@tailwindcss/oxide-freebsd-x64': [ '4.3.3' ],
31 silly audit   '@tailwindcss/oxide-linux-arm-gnueabihf': [ '4.3.3' ],
31 silly audit   '@tailwindcss/oxide-linux-arm64-gnu': [ '4.3.3' ],
31 silly audit   '@tailwindcss/oxide-linux-arm64-musl': [ '4.3.3' ],
31 silly audit   '@tailwindcss/oxide-linux-x64-gnu': [ '4.3.3' ],
31 silly audit   '@tailwindcss/oxide-linux-x64-musl': [ '4.3.3' ],
31 silly audit   '@tailwindcss/oxide-wasm32-wasi': [ '4.3.3' ],
31 silly audit   '@tailwindcss/oxide-win32-arm64-msvc': [ '4.3.3' ],
31 silly audit   '@tailwindcss/oxide-win32-x64-msvc': [ '4.3.3' ],
31 silly audit   '@tailwindcss/vite': [ '4.3.3' ],
31 silly audit   '@tybys/wasm-util': [ '0.10.4' ],
31 silly audit   '@types/babel__core': [ '7.20.5' ],
31 silly audit   '@types/babel__generator': [ '7.27.0' ],
31 silly audit   '@types/babel__template': [ '7.4.4' ],
31 silly audit   '@types/babel__traverse': [ '7.28.0' ],
31 silly audit   '@types/debug': [ '4.1.13' ],
31 silly audit   '@types/estree': [ '1.0.9' ],
31 silly audit   '@types/hast': [ '3.0.5' ],
31 silly audit   '@types/mdast': [ '4.0.4' ],
31 silly audit   '@types/ms': [ '2.1.0' ],
31 silly audit   '@types/nlcst': [ '2.0.3' ],
31 silly audit   '@types/node': [ '26.6.1' ],
31 silly audit   '@types/nodemailer': [ '8.0.2' ],
31 silly audit   '@types/react': [ '19.3.0' ],
31 silly audit   '@types/react-dom': [ '19.3.0' ],
31 silly audit   '@types/unist': [ '3.0.3' ],
31 silly audit   '@ungap/structured-clone': [ '1.4.0' ],
31 silly audit   '@vitejs/plugin-react': [ '4.7.0' ],
31 silly audit   '@volar/kit': [ '2.4.28' ],
31 silly audit   '@volar/language-core': [ '2.4.28' ],
31 silly audit   '@volar/language-server': [ '2.4.28' ],
31 silly audit   '@volar/language-service': [ '2.4.28' ],
31 silly audit   '@volar/source-map': [ '2.4.28' ],
31 silly audit   '@volar/typescript': [ '2.4.28' ],
31 silly audit   '@vscode/emmet-helper': [ '2.11.0' ],
31 silly audit   '@vscode/l10n': [ '0.0.18' ],
31 silly audit   acorn: [ '8.18.0' ],
31 silly audit   ajv: [ '8.20.0' ],
31 silly audit   'ajv-draft-04': [ '1.0.0' ],
31 silly audit   'ajv-i18n': [ '4.2.0' ],
31 silly audit   'ansi-align': [ '3.0.1' ],
31 silly audit   'ansi-regex': [ '5.0.1', '6.3.0' ],
31 silly audit   'emoji-regex': [ '8.0.0', '10.6.0' ],
31 silly audit   'string-width': [ '4.2.3', '7.2.0', '8.2.2' ],
31 silly audit   'strip-ansi': [ '6.0.1', '7.2.0' ],
31 silly audit   'ansi-styles': [ '6.2.3' ],
31 silly audit   anymatch: [ '3.1.3' ],
31 silly audit   picomatch: [ '2.3.2', '4.0.7' ],
31 silly audit   argparse: [ '2.0.1' ],
31 silly audit   'aria-query': [ '5.3.2' ],
31 silly audit   'array-iterate': [ '2.0.1' ],
31 silly audit   astro: [ '5.18.2' ],
31 silly audit   semver: [ '7.8.5', '6.3.1' ],
31 silly audit   'axobject-query': [ '4.1.0' ],
31 silly audit   bail: [ '2.0.2' ],
31 silly audit   'base-64': [ '1.0.0' ],
31 silly audit   'baseline-browser-mapping': [ '2.11.24' ],
31 silly audit   boolbase: [ '1.0.0' ],
31 silly audit   boxen: [ '8.0.1' ],
31 silly audit   browserslist: [ '4.29.0' ],
31 silly audit   camelcase: [ '8.0.0' ],
31 silly audit   'caniuse-lite': [ '1.0.30001810' ],
31 silly audit   ccount: [ '2.0.1' ],
31 silly audit   chalk: [ '5.6.2' ],
31 silly audit   'character-entities': [ '2.0.2' ],
31 silly audit   'character-entities-html4': [ '2.1.0' ],
31 silly audit   'character-entities-legacy': [ '3.0.0' ],
31 silly audit   'ci-info': [ '4.4.0' ],
31 silly audit   'cli-boxes': [ '3.0.0' ],
31 silly audit   cliui: [ '9.0.1' ],
31 silly audit   clsx: [ '2.1.1' ],
31 silly audit   'comma-separated-tokens': [ '2.0.3' ],
31 silly audit   commander: [ '11.1.0' ],
31 silly audit   'common-ancestor-path': [ '1.0.1' ],
31 silly audit   'convert-source-map': [ '2.0.0' ],
31 silly audit   cookie: [ '1.1.1' ],
31 silly audit   'cookie-es': [ '1.2.3' ],
31 silly audit   crossws: [ '0.3.5' ],
31 silly audit   'css-select': [ '6.0.0' ],
31 silly audit   'css-tree': [ '3.2.1', '2.2.1' ],
31 silly audit   'css-what': [ '7.0.0' ],
31 silly audit   cssesc: [ '3.0.0' ],
31 silly audit   csso: [ '5.0.5' ],
31 silly audit   'mdn-data': [ '2.0.28', '2.27.1' ],
31 silly audit   csstype: [ '3.2.3' ],
31 silly audit   'date-fns': [ '4.4.0' ],
31 silly audit   debug: [ '4.4.3' ],
31 silly audit   'decode-named-character-reference': [ '1.3.0' ],
31 silly audit   defu: [ '6.1.7' ],
31 silly audit   depd: [ '2.0.0' ],
31 silly audit   dequal: [ '2.0.3' ],
31 silly audit   destr: [ '2.0.5' ],
31 silly audit   'detect-libc': [ '2.1.2' ],
31 silly audit   'deterministic-object-hash': [ '2.0.2' ],
31 silly audit   devalue: [ '5.9.2' ],
31 silly audit   devlop: [ '1.1.0' ],
31 silly audit   diff: [ '8.0.4' ],
31 silly audit   dlv: [ '1.1.3' ],
31 silly audit   'dom-serializer': [ '2.0.0' ],
31 silly audit   entities: [ '4.5.0', '6.0.1' ],
31 silly audit   domelementtype: [ '2.3.0' ],
31 silly audit   domhandler: [ '5.0.3' ],
31 silly audit   domutils: [ '3.2.2' ],
31 silly audit   dset: [ '3.1.4' ],
31 silly audit   'ee-first': [ '1.1.1' ],
31 silly audit   'electron-to-chromium': [ '1.5.430' ],
31 silly audit   emmet: [ '2.4.11' ],
31 silly audit   encodeurl: [ '2.0.0' ],
31 silly audit   'enhanced-resolve': [ '5.25.1' ],
31 silly audit   'es-module-lexer': [ '1.7.0' ],
31 silly audit   esbuild: [ '0.27.7', '0.25.12' ],
31 silly audit   escalade: [ '3.2.0' ],
31 silly audit   'escape-html': [ '1.0.3' ],
31 silly audit   'escape-string-regexp': [ '5.0.0' ],
31 silly audit   etag: [ '1.8.1' ],
31 silly audit   eventemitter3: [ '5.0.4' ],
31 silly audit   extend: [ '3.0.2' ],
31 silly audit   'fast-deep-equal': [ '3.1.3' ],
31 silly audit   'fast-uri': [ '3.1.8' ],
31 silly audit   fdir: [ '6.5.0' ],
31 silly audit   flattie: [ '1.1.1' ],
31 silly audit   fontace: [ '0.4.1' ],
31 silly audit   fontkitten: [ '1.0.3' ],
31 silly audit   'framer-motion': [ '13.4.0' ],
31 silly audit   fresh: [ '2.0.0' ],
31 silly audit   fsevents: [ '2.3.3' ],
31 silly audit   gensync: [ '1.0.0-beta.2' ],
31 silly audit   'get-caller-file': [ '2.0.5' ],
31 silly audit   'get-east-asian-width': [ '1.7.0' ],
31 silly audit   'github-slugger': [ '2.0.0' ],
31 silly audit   'graceful-fs': [ '4.2.11' ],
31 silly audit   h3: [ '1.15.11' ],
31 silly audit   'hast-util-from-html': [ '2.0.3' ],
31 silly audit   'hast-util-from-parse5': [ '8.0.3' ],
31 silly audit   'hast-util-is-element': [ '3.0.0' ],
31 silly audit   'hast-util-parse-selector': [ '4.0.0' ],
31 silly audit   'hast-util-raw': [ '9.1.0' ],
31 silly audit   'hast-util-to-html': [ '9.0.5' ],
31 silly audit   'hast-util-to-parse5': [ '8.0.1' ],
31 silly audit   'hast-util-to-text': [ '4.0.2' ],
31 silly audit   'hast-util-whitespace': [ '3.0.0' ],
31 silly audit   hastscript: [ '9.0.1' ],
31 silly audit   'html-escaper': [ '3.0.3' ],
31 silly audit   'html-void-elements': [ '3.0.0' ],
31 silly audit   'http-cache-semantics': [ '4.2.0' ],
31 silly audit   'http-errors': [ '2.0.1' ],
31 silly audit   'import-meta-resolve': [ '4.2.0' ],
31 silly audit   inherits: [ '2.0.4' ],
31 silly audit   'iron-webcrypto': [ '1.2.1' ],
31 silly audit   'is-docker': [ '3.0.0' ],
31 silly audit   'is-fullwidth-code-point': [ '3.0.0' ],
31 silly audit   'is-inside-container': [ '1.0.0' ],
31 silly audit   'is-plain-obj': [ '4.1.0' ],
31 silly audit   'is-wsl': [ '3.1.1' ],
31 silly audit   jiti: [ '2.7.0' ],
31 silly audit   'js-tokens': [ '4.0.0' ],
31 silly audit   'js-yaml': [ '4.3.2' ],
31 silly audit   jsesc: [ '3.1.0' ],
31 silly audit   'json-schema-traverse': [ '1.0.0' ],
31 silly audit   json5: [ '2.2.3' ],
31 silly audit   'jsonc-parser': [ '2.3.1', '3.3.1' ],
31 silly audit   lightningcss: [ '1.32.0' ],
31 silly audit   'lightningcss-android-arm64': [ '1.32.0' ],
31 silly audit   'lightningcss-darwin-arm64': [ '1.32.0' ],
31 silly audit   'lightningcss-darwin-x64': [ '1.32.0' ],
31 silly audit   'lightningcss-freebsd-x64': [ '1.32.0' ],
31 silly audit   'lightningcss-linux-arm-gnueabihf': [ '1.32.0' ],
31 silly audit   'lightningcss-linux-arm64-gnu': [ '1.32.0' ],
31 silly audit   'lightningcss-linux-arm64-musl': [ '1.32.0' ],
31 silly audit   'lightningcss-linux-x64-gnu': [ '1.32.0' ],
31 silly audit   'lightningcss-linux-x64-musl': [ '1.32.0' ],
31 silly audit   'lightningcss-win32-arm64-msvc': [ '1.32.0' ],
31 silly audit   'lightningcss-win32-x64-msvc': [ '1.32.0' ],
31 silly audit   'longest-streak': [ '3.1.0' ],
31 silly audit   'lru-cache': [ '5.1.1', '11.5.2' ],
31 silly audit   'lucide-react': [ '1.47.0' ],
31 silly audit   'magic-string': [ '0.30.21' ],
31 silly audit   magicast: [ '0.5.5' ],
31 silly audit   'markdown-table': [ '3.0.4' ],
31 silly audit   'mdast-util-definitions': [ '6.0.0' ],
31 silly audit   'mdast-util-find-and-replace': [ '3.0.2' ],
31 silly audit   'mdast-util-from-markdown': [ '2.0.3' ],
31 silly audit   'mdast-util-gfm': [ '3.1.0' ],
31 silly audit   'mdast-util-gfm-autolink-literal': [ '2.0.1' ],
31 silly audit   'mdast-util-gfm-footnote': [ '2.1.0' ],
31 silly audit   'mdast-util-gfm-strikethrough': [ '2.0.0' ],
31 silly audit   'mdast-util-gfm-table': [ '2.0.0' ],
31 silly audit   'mdast-util-gfm-task-list-item': [ '2.0.0' ],
31 silly audit   'mdast-util-phrasing': [ '4.1.0' ],
31 silly audit   'mdast-util-to-hast': [ '13.2.1' ],
31 silly audit   'mdast-util-to-markdown': [ '2.1.2' ],
31 silly audit   'mdast-util-to-string': [ '4.0.0' ],
31 silly audit   micromark: [ '4.0.2' ],
31 silly audit   'micromark-core-commonmark': [ '2.0.3' ],
31 silly audit   'micromark-extension-gfm': [ '3.0.0' ],
31 silly audit   'micromark-extension-gfm-autolink-literal': [ '2.1.0' ],
31 silly audit   'micromark-extension-gfm-footnote': [ '2.1.0' ],
31 silly audit   'micromark-extension-gfm-strikethrough': [ '2.1.0' ],
31 silly audit   'micromark-extension-gfm-table': [ '2.1.2' ],
31 silly audit   'micromark-extension-gfm-tagfilter': [ '2.0.0' ],
31 silly audit   'micromark-extension-gfm-task-list-item': [ '2.1.0' ],
31 silly audit   'micromark-factory-destination': [ '2.0.1' ],
31 silly audit   'micromark-factory-label': [ '2.0.1' ],
31 silly audit   'micromark-factory-space': [ '2.0.1' ],
31 silly audit   'micromark-factory-title': [ '2.0.1' ],
31 silly audit   'micromark-factory-whitespace': [ '2.0.1' ],
31 silly audit   'micromark-util-character': [ '2.1.1' ],
31 silly audit   'micromark-util-chunked': [ '2.0.1' ],
31 silly audit   'micromark-util-classify-character': [ '2.0.1' ],
31 silly audit   'micromark-util-combine-extensions': [ '2.0.1' ],
31 silly audit   'micromark-util-decode-numeric-character-reference': [ '2.0.2' ],
31 silly audit   'micromark-util-decode-string': [ '2.0.1' ],
31 silly audit   'micromark-util-encode': [ '2.0.1' ],
31 silly audit   'micromark-util-html-tag-name': [ '2.0.1' ],
31 silly audit   'micromark-util-normalize-identifier': [ '2.0.1' ],
31 silly audit   'micromark-util-resolve-all': [ '2.0.1' ],
31 silly audit   'micromark-util-sanitize-uri': [ '2.0.1' ],
31 silly audit   'micromark-util-subtokenize': [ '2.1.0' ],
31 silly audit   'micromark-util-symbol': [ '2.0.1' ],
31 silly audit   'micromark-util-types': [ '2.0.2' ],
31 silly audit   'mime-db': [ '1.54.0' ],
31 silly audit   'mime-types': [ '3.0.2' ],
31 silly audit   motion: [ '13.4.0' ],
31 silly audit   'motion-dom': [ '13.3.0' ],
31 silly audit   'motion-utils': [ '13.3.0' ],
31 silly audit   mrmime: [ '2.0.1' ],
31 silly audit   ms: [ '2.1.3' ],
31 silly audit   'muggle-string': [ '0.4.1' ],
31 silly audit   nanoid: [ '3.3.19' ],
31 silly audit   neotraverse: [ '0.6.18' ],
31 silly audit   'next-themes': [ '0.4.6' ],
31 silly audit   'nlcst-to-string': [ '4.0.0' ],
31 silly audit   'node-fetch-native': [ '1.6.7' ],
31 silly audit   'node-mock-http': [ '1.0.5' ],
31 silly audit   'node-releases': [ '2.0.56' ],
31 silly audit   nodemailer: [ '10.0.10' ],
31 silly audit   'normalize-path': [ '3.0.0' ],
31 silly audit   'nth-check': [ '2.1.1' ],
31 silly audit   ofetch: [ '1.5.1' ],
31 silly audit   ohash: [ '2.0.12' ],
31 silly audit   'on-finished': [ '2.4.1' ],
31 silly audit   'oniguruma-parser': [ '0.12.2' ],
31 silly audit   'oniguruma-to-es': [ '4.3.6' ],
31 silly audit   'p-limit': [ '6.2.0' ],
31 silly audit   'p-queue': [ '8.1.1' ],
31 silly audit   'p-timeout': [ '6.1.4' ],
31 silly audit   'package-manager-detector': [ '1.8.0' ],
31 silly audit   'parse-latin': [ '7.0.0' ],
31 silly audit   parse5: [ '7.3.0' ],
31 silly audit   'path-browserify': [ '1.0.1' ],
31 silly audit   piccolore: [ '0.1.3' ],
31 silly audit   picocolors: [ '1.1.1' ],
31 silly audit   postcss: [ '8.5.28' ],
31 silly audit   prettier: [ '3.9.8' ],
31 silly audit   prismjs: [ '1.30.0' ],
31 silly audit   prompts: [ '2.4.2' ],
31 silly audit   'property-information': [ '7.2.0' ],
31 silly audit   radix3: [ '1.1.2' ],
31 silly audit   'range-parser': [ '1.3.0' ],
31 silly audit   react: [ '19.3.0' ],
31 silly audit   'react-dom': [ '19.3.0' ],
31 silly audit   'react-image-crop': [ '11.1.2' ],
31 silly audit   'react-refresh': [ '0.17.0' ],
31 silly audit   regex: [ '6.1.0' ],
31 silly audit   'regex-recursion': [ '6.0.2' ],
31 silly audit   'regex-utilities': [ '2.3.0' ],
31 silly audit   rehype: [ '13.0.2' ],
31 silly audit   'rehype-parse': [ '9.0.1' ],
31 silly audit   'rehype-raw': [ '7.0.0' ],
31 silly audit   'rehype-stringify': [ '10.0.1' ],
31 silly audit   'remark-gfm': [ '4.0.1' ],
31 silly audit   'remark-parse': [ '11.0.0' ],
31 silly audit   'remark-rehype': [ '11.1.2' ],
31 silly audit   'remark-smartypants': [ '3.0.3' ],
31 silly audit   'remark-stringify': [ '11.0.0' ],
31 silly audit   'request-light': [ '0.7.0', '0.5.8' ],
31 silly audit   'require-from-string': [ '2.0.2' ],
31 silly audit   retext: [ '9.0.0' ],
31 silly audit   'retext-latin': [ '4.0.0' ],
31 silly audit   'retext-smartypants': [ '6.2.0' ],
31 silly audit   'retext-stringify': [ '4.0.0' ],
31 silly audit   rollup: [ '4.63.3' ],
31 silly audit   sax: [ '1.6.1' ],
31 silly audit   scheduler: [ '0.28.0' ],
31 silly audit   send: [ '1.2.1' ],
31 silly audit   'server-destroy': [ '1.0.1' ],
31 silly audit   setprototypeof: [ '1.2.0' ],
31 silly audit   sharp: [ '0.34.5' ],
31 silly audit   shiki: [ '3.23.0' ],
31 silly audit   'simple-icons': [ '16.32.0' ],
31 silly audit   sisteransi: [ '1.0.5' ],
31 silly audit   'smol-toml': [ '1.8.0' ],
31 silly audit   'source-map-js': [ '1.2.1' ],
31 silly audit   'space-separated-tokens': [ '2.0.2' ],
31 silly audit   statuses: [ '2.0.2' ],
31 silly audit   'stringify-entities': [ '4.0.4' ],
31 silly audit   svgo: [ '4.1.0' ],
31 silly audit   tailwindcss: [ '4.3.3' ],
31 silly audit   tapable: [ '2.3.3' ],
31 silly audit   'tiny-inflate': [ '1.0.3' ],
31 silly audit   tinyexec: [ '1.3.1' ],
31 silly audit   tinyglobby: [ '0.2.17' ],
31 silly audit   toidentifier: [ '1.0.1' ],
31 silly audit   'trim-lines': [ '3.0.1' ],
31 silly audit   trough: [ '2.2.0' ],
31 silly audit   tsconfck: [ '3.1.6' ],
31 silly audit   tslib: [ '2.8.1' ],
31 silly audit   'type-fest': [ '4.41.0' ],
31 silly audit   'typesafe-path': [ '0.2.2' ],
31 silly audit   typescript: [ '5.9.3' ],
31 silly audit   'typescript-auto-import-cache': [ '0.3.6' ],
31 silly audit   ufo: [ '1.6.4' ],
31 silly audit   ultrahtml: [ '1.7.0' ],
31 silly audit   uncrypto: [ '0.1.3' ],
31 silly audit   undici: [ '8.10.2' ],
31 silly audit   'undici-types': [ '8.9.0' ],
31 silly audit   unified: [ '11.0.5' ],
31 silly audit   unifont: [ '0.7.5' ],
31 silly audit   'unist-util-find-after': [ '5.0.0' ],
31 silly audit   'unist-util-is': [ '6.0.1' ],
31 silly audit   'unist-util-modify-children': [ '4.0.0' ],
31 silly audit   'unist-util-position': [ '5.0.0' ],
31 silly audit   'unist-util-remove-position': [ '5.0.0' ],
31 silly audit   'unist-util-stringify-position': [ '4.0.0' ],
31 silly audit   'unist-util-visit': [ '5.1.0' ],
31 silly audit   'unist-util-visit-children': [ '3.0.0' ],
31 silly audit   'unist-util-visit-parents': [ '6.0.2' ],
31 silly audit   unstorage: [ '1.17.5' ],
31 silly audit   'update-browserslist-db': [ '1.3.3' ],
31 silly audit   vfile: [ '6.0.3' ],
31 silly audit   'vfile-location': [ '5.0.3' ],
31 silly audit   'vfile-message': [ '4.0.3' ],
31 silly audit   vite: [ '6.4.3' ],
31 silly audit   vitefu: [ '1.1.3' ],
31 silly audit   'volar-service-css': [ '0.0.71' ],
31 silly audit   'volar-service-emmet': [ '0.0.71' ],
31 silly audit   'volar-service-html': [ '0.0.71' ],
31 silly audit   'volar-service-prettier': [ '0.0.71' ],
31 silly audit   'volar-service-typescript': [ '0.0.71' ],
31 silly audit   'volar-service-typescript-twoslash-queries': [ '0.0.71' ],
31 silly audit   'volar-service-yaml': [ '0.0.71' ],
31 silly audit   'vscode-css-languageservice': [ '6.3.10' ],
31 silly audit   'vscode-languageserver-types': [ '3.17.5', '3.18.3' ],
31 silly audit   'vscode-html-languageservice': [ '5.6.2' ],
31 silly audit   'vscode-json-languageservice': [ '4.1.8' ],
31 silly audit   'vscode-jsonrpc': [ '9.0.2', '8.2.0' ],
31 silly audit   'vscode-languageserver': [ '9.0.1' ],
31 silly audit   'vscode-languageserver-protocol': [ '3.18.3', '3.17.5' ],
31 silly audit   'vscode-languageserver-textdocument': [ '1.0.14' ],
31 silly audit   'vscode-nls': [ '5.2.0' ],
31 silly audit   'vscode-uri': [ '3.2.0' ],
31 silly audit   'web-namespaces': [ '2.0.1' ],
31 silly audit   'which-pm-runs': [ '1.1.0' ],
31 silly audit   'widest-line': [ '5.0.0' ],
31 silly audit   'wrap-ansi': [ '9.0.2' ],
31 silly audit   'xxhash-wasm': [ '1.1.0' ],
31 silly audit   y18n: [ '5.0.8' ],
31 silly audit   yallist: [ '3.1.1' ],
31 silly audit   yaml: [ '2.9.1', '2.8.3' ],
31 silly audit   'yaml-language-server': [ '1.23.0' ],
31 silly audit   yargs: [ '18.1.0' ],
31 silly audit   'yargs-parser': [ '21.1.1', '22.0.0' ],
31 silly audit   'yocto-queue': [ '1.2.2' ],
31 silly audit   'yocto-spinner': [ '0.2.3' ],
31 silly audit   yoctocolors: [ '2.2.0' ],
31 silly audit   zod: [ '3.25.76' ],
31 silly audit   'zod-to-json-schema': [ '3.25.2' ],
31 silly audit   'zod-to-ts': [ '1.2.0' ],
31 silly audit   zwitch: [ '2.0.4' ],
31 silly audit   '@gsap/react': [ '2.1.2' ],
31 silly audit   gsap: [ '3.15.0' ]
31 silly audit }
32 http cache gsap@https://registry.npmjs.org/gsap/-/gsap-3.15.0.tgz 1ms (cache hit)
33 http cache @gsap/react@https://registry.npmjs.org/@gsap/react/-/react-2.1.2.tgz 0ms (cache hit)
34 silly tarball no local data for gsap@https://registry.npmjs.org/gsap/-/gsap-3.15.0.tgz. Extracting by manifest.
35 silly tarball no local data for @gsap/react@https://registry.npmjs.org/@gsap/react/-/react-2.1.2.tgz. Extracting by manifest.
36 http fetch POST 200 https://registry.npmjs.org/-/npm/v1/security/advisories/bulk 258ms
37 silly audit report {
37 silly audit report   '@astrojs/node': [
37 silly audit report     {
37 silly audit report       id: 1115625,
37 silly audit report       url: 'https://github.com/advisories/GHSA-3rmj-9m5h-8fpv',
37 silly audit report       title: 'Astro: Memory exhaustion DoS due to missing request body size limit in Server Islands',
37 silly audit report       severity: 'moderate',
37 silly audit report       vulnerable_versions: '<10.0.0',
37 silly audit report       cwe: [Array],
37 silly audit report       cvss: [Object]
37 silly audit report     },
37 silly audit report     {
37 silly audit report       id: 1117137,
37 silly audit report       url: 'https://github.com/advisories/GHSA-c57f-mm3j-27q9',
37 silly audit report       title: 'Astro: Cache Poisoning due to incorrect error handling when if-match header is malformed ',
37 silly audit report       severity: 'moderate',
37 silly audit report       vulnerable_versions: '<10.0.5',
37 silly audit report       cwe: [Array],
37 silly audit report       cvss: [Object]
37 silly audit report     },
37 silly audit report     {
37 silly audit report       id: 1139372,
37 silly audit report       url: 'https://github.com/advisories/GHSA-r557-wffq-wvrc',
37 silly audit report       title: '@astrojs/node: Backslash-prefixed paths not recognized as internal by trailing-slash redirect',
37 silly audit report       severity: 'low',
37 silly audit report       vulnerable_versions: '>=8.1.0 <11.0.2',
37 silly audit report       cwe: [Array],
37 silly audit report       cvss: [Object]
37 silly audit report     }
37 silly audit report   ],
37 silly audit report   astro: [
37 silly audit report     {
37 silly audit report       id: 1118920,
37 silly audit report       url: 'https://github.com/advisories/GHSA-xr5h-phrj-8vxv',
37 silly audit report       title: 'Astro: Server island encrypted parameters vulnerable to cross-component replay',
37 silly audit report       severity: 'low',
37 silly audit report       vulnerable_versions: '<6.1.10',
37 silly audit report       cwe: [Array],
37 silly audit report       cvss: [Object]
37 silly audit report     },
37 silly audit report     {
37 silly audit report       id: 1117141,
37 silly audit report       url: 'https://github.com/advisories/GHSA-j687-52p2-xcff',
37 silly audit report       title: 'Astro: XSS in define:vars via incomplete </script> tag sanitization',
37 silly audit report       severity: 'moderate',
37 silly audit report       vulnerable_versions: '<6.1.6',
37 silly audit report       cwe: [Array],
37 silly audit report       cvss: [Object]
37 silly audit report     },
37 silly audit report     {
37 silly audit report       id: 1123700,
37 silly audit report       url: 'https://github.com/advisories/GHSA-jrpj-wcv7-9fh9',
37 silly audit report       title: 'Astro: XSS via Unescaped Attribute Names in Spread Props',
37 silly audit report       severity: 'moderate',
37 silly audit report       vulnerable_versions: '<6.4.6',
37 silly audit report       cwe: [Array],
37 silly audit report       cvss: [Object]
37 silly audit report     },
37 silly audit report     {
37 silly audit report       id: 1139373,
37 silly audit report       url: 'https://github.com/advisories/GHSA-f48w-9m4c-m7f5',
37 silly audit report       title: 'Astro: XSS via unescaped spread attribute names in renderHTMLElement (incomplete fix for CVE-2026-54298)',
37 silly audit report       severity: 'moderate',
37 silly audit report       vulnerable_versions: '<7.0.6',
37 silly audit report       cwe: [Array],
37 silly audit report       cvss: [Object]
37 silly audit report     },
37 silly audit report     {
37 silly audit report       id: 1139375,
37 silly audit report       url: 'https://github.com/advisories/GHSA-7pw4-f3q4-r2p2',
37 silly audit report       title: 'Astro: Cross-site scripting via unescaped transition:* directive values on hydrated islands',
37 silly audit report       severity: 'low',
37 silly audit report       vulnerable_versions: '>=3.10.0 <7.0.4',
37 silly audit report       cwe: [Array],
37 silly audit report       cvss: [Object]
37 silly audit report     },
37 silly audit report     {
37 silly audit report       id: 1139376,
37 silly audit report       url: 'https://github.com/advisories/GHSA-4g3v-8h47-v7g6',
37 silly audit report       title: 'Astro: Reflected XSS via unescaped View Transition animation properties',
37 silly audit report       severity: 'moderate',
37 silly audit report       vulnerable_versions: '>=2.9.0 <=7.0.9',
37 silly audit report       cwe: [Array],
37 silly audit report       cvss: [Object]
37 silly audit report     },
37 silly audit report     {
37 silly audit report       id: 1139377,
37 silly audit report       url: 'https://github.com/advisories/GHSA-2pvr-wf23-7pc7',
37 silly audit report       title: 'Astro: Host header SSRF in prerendered error page fetch',
37 silly audit report       severity: 'high',
37 silly audit report       vulnerable_versions: '<6.4.6',
37 silly audit report       cwe: [Array],
37 silly audit report       cvss: [Object]
37 silly audit report     },
37 silly audit report     {
37 silly audit report       id: 1139378,
37 silly audit report       url: 'https://github.com/advisories/GHSA-8hv8-536x-4wqp',
37 silly audit report       title: 'Astro: Reflected XSS via unescaped slot name',
37 silly audit report       severity: 'high',
37 silly audit report       vulnerable_versions: '<6.3.3',
37 silly audit report       cwe: [Array],
37 silly audit report       cvss: [Object]
37 silly audit report     },
37 silly audit report     {
37 silly audit report       id: 1193723,
37 silly audit report       url: 'https://github.com/advisories/GHSA-26w7-cxv4-gfx2',
37 silly audit report       title: 'Astro: Remote code execution through AVIF image optimization',
37 silly audit report       severity: 'critical',
37 silly audit report       vulnerable_versions: '<7.2.8',
37 silly audit report       cwe: [Array],
37 silly audit report       cvss: [Object]
37 silly audit report     },
37 silly audit report     {
37 silly audit report       id: 1193724,
37 silly audit report       url: 'https://github.com/advisories/GHSA-376h-93r7-7g6f',
37 silly audit report       title: 'Astro: Authorization bypass from missing path-segment boundary check when stripping the configured base',
37 silly audit report       severity: 'moderate',
37 silly audit report       vulnerable_versions: '<=7.2.3',
37 silly audit report       cwe: [Array],
37 silly audit report       cvss: [Object]
37 silly audit report     }
37 silly audit report   ],
37 silly audit report   esbuild: [
37 silly audit report     {
37 silly audit report       id: 1120680,
37 silly audit report       url: 'https://github.com/advisories/GHSA-g7r4-m6w7-qqqr',
37 silly audit report       title: 'esbuild allows arbitrary file read when running the development server on Windows',
37 silly audit report       severity: 'low',
37 silly audit report       vulnerable_versions: '>=0.27.3 <0.28.1',
37 silly audit report       cwe: [Array],
37 silly audit report       cvss: [Object]
37 silly audit report     }
37 silly audit report   ],
37 silly audit report   sharp: [
37 silly audit report     {
37 silly audit report       id: 1124066,
37 silly audit report       url: 'https://github.com/advisories/GHSA-f88m-g3jw-g9cj',
37 silly audit report       title: 'sharp inherited vulnerabilities in libvips: CVE-2026-33327, CVE-2026-33328, CVE-2026-35590, CVE-2026-35591',
37 silly audit report       severity: 'high',
37 silly audit report       vulnerable_versions: '<0.35.0',
37 silly audit report       cwe: [Array],
37 silly audit report       cvss: [Object]
37 silly audit report     },
37 silly audit report     {
37 silly audit report       id: 1193725,
37 silly audit report       url: 'https://github.com/advisories/GHSA-rgj7-g3m4-5g8c',
37 silly audit report       title: 'sharp: Vulnerabilities in libheif: GHSA-g89c-p67h-r497 and GHSA-2jg2-4ch7-h545',
37 silly audit report       severity: 'high',
37 silly audit report       vulnerable_versions: '<0.35.4',
37 silly audit report       cwe: [Array],
37 silly audit report       cvss: [Object]
37 silly audit report     }
37 silly audit report   ]
37 silly audit report }
38 silly packumentCache corgi:https://registry.npmjs.org/@astrojs%2fnode cache-miss
39 silly packumentCache corgi:https://registry.npmjs.org/astro cache-miss
40 silly packumentCache corgi:https://registry.npmjs.org/esbuild cache-miss
41 silly packumentCache corgi:https://registry.npmjs.org/sharp cache-miss
42 http fetch GET 200 https://registry.npmjs.org/sharp 248ms (cache miss)
43 silly packumentCache corgi:https://registry.npmjs.org/sharp set size:undefined disposed:false
44 http fetch GET 200 https://registry.npmjs.org/@astrojs%2fnode 339ms (cache miss)
45 silly packumentCache corgi:https://registry.npmjs.org/@astrojs%2fnode set size:undefined disposed:false
46 http fetch GET 200 https://registry.npmjs.org/@gsap/react/-/react-2.1.2.tgz 625ms (cache miss)
47 http fetch GET 200 https://registry.npmjs.org/esbuild 402ms (cache miss)
48 silly packumentCache corgi:https://registry.npmjs.org/esbuild set size:undefined disposed:false
49 http fetch GET 200 https://registry.npmjs.org/astro 453ms (cache miss)
50 silly packumentCache corgi:https://registry.npmjs.org/astro set size:undefined disposed:false
51 http fetch GET 200 https://registry.npmjs.org/gsap/-/gsap-3.15.0.tgz 2066ms (cache miss)
52 silly ADD node_modules/gsap
53 silly ADD node_modules/@gsap/react
54 verbose cwd D:\MyProject\Portfolio
55 verbose os Windows_NT 10.0.26200
56 verbose node v25.1.0
57 verbose npm  v11.6.2
58 notice
58 notice New minor version of npm available! 11.6.2 -> 11.20.0
58 notice Changelog: https://github.com/npm/cli/releases/tag/v11.20.0
58 notice To update run: npm install -g npm@11.20.0
58 notice  { force: true, Symbol(proc-log.meta): true }
59 verbose exit 0
60 info ok
